{
    "test_gprofiler2_gost": {
        "content": [
            {
                "0": [
                    
                ],
                "1": [
                    
                ],
                "2": [
                    
                ],
                "3": [
                    
                ],
                "4": [
                    
                ],
                "5": [
                    
                ],
                "6": [
                    
                ],
                "7": [
                    
                ],
                "8": [
                    
                ],
                "all_enrich": [
                    
                ],
                "filtered_gmt": [
                    
                ],
                "plot_html": [
                    
                ],
                "plot_png": [
                    
                ],
                "rds": [
                    
                ],
                "session_info": [
                    
                ],
                "sub_enrich": [
                    
                ],
                "sub_plot": [
                    
                ],
                "versions": [
                    
                ]
            }
        ],
        "timestamp": "2023-11-07T09:16:38.826102148"
    }
}